// Jest Snapshot v1, https://goo.gl/fbAQLP

exports[`Pagination should match snapshot 1`] = `
<div>
  <div
    class="lip-pagination auto-x-overflow"
  >
    <ul
      class="pagination"
    >
      <li
        class="page-item disabled"
      >
        <span
          class="page-link"
          disabled=""
        >
          <span
            aria-hidden="true"
          >
            Previous
          </span>
          <span
            class="sr-only"
          >
            Previous
          </span>
        </span>
      </li>
      <li
        class="page-item active disabled"
      >
        <span
          class="page-link"
          disabled=""
          value="1"
        >
          1
          <span
            class="sr-only"
          >
            (current)
          </span>
        </span>
      </li>
      <li
        class="page-item"
      >
        <a
          class="page-link"
          href="#"
          role="button"
          value="2"
        >
          2
        </a>
      </li>
      <li
        class="page-item"
      >
        <a
          class="page-link"
          href="#"
          role="button"
        >
          <span
            aria-hidden="true"
          >
            Next
          </span>
          <span
            class="sr-only"
          >
            Next
          </span>
        </a>
      </li>
    </ul>
  </div>
</div>
`;
