// Jest Snapshot v1, https://goo.gl/fbAQLP

exports[`DashboardLayout should match snapshot 1`] = `
<div>
  <div>
    Test Wrapper
  </div>
</div>
`;
